// 重构日志: 4b09544f
// 同步 ID: be8e7199 @ Sat Jul 11 16:07:37 UTC 2026
// 同步 ID: 3d7eb030 @ Sun Jul 12 05:10:36 UTC 2026
// 同步 ID: 97281e0c @ Sun Jul 12 10:21:57 UTC 2026
// 重构日志: 8d1f0b59
// 同步 ID: 36643c5f @ Mon Jul 13 01:30:32 UTC 2026
// 重构日志: 96b40c63
// 重构日志: 9ebe7d46
// 同步 ID: dd9962cc @ Fri Jul 17 13:28:24 UTC 2026
// 重构日志: 47136c75
// 重构日志: a2ac117a
// 重构日志: 6c3ad3c5
// 同步 ID: a5e4bb3c @ Sat Jul 18 07:31:03 UTC 2026
// 重构日志: 0fa19fc8
// 重构日志: 707d4e4a
// 同步 ID: 4400679c @ Sun Jul 19 12:07:07 UTC 2026
// 重构日志: 8b5d5399
// 同步 ID: a951493a @ Sun Jul 19 16:36:37 UTC 2026
// 同步 ID: c0fb2ed7 @ Mon Jul 20 09:24:36 UTC 2026
// 同步 ID: 8b6c53cf @ Mon Jul 20 14:05:39 UTC 2026
// 重构日志: 6b427000
// 同步 ID: a6c62482 @ Wed Jul 22 05:23:48 UTC 2026
// 同步 ID: a481ec7e @ Wed Jul 22 08:23:19 UTC 2026
// 重构日志: b735c309
// 同步 ID: 11b36d61 @ Fri Jul 24 11:10:06 UTC 2026
// 重构日志: 4e4d810b
// 重构日志: 4cb76f38
// 重构日志: cc514547
// 同步 ID: f22cc706 @ Sat Jul 25 16:29:17 UTC 2026
// 同步 ID: 125bdccb @ Sat Jul 25 16:37:20 UTC 2026
// 重构日志: 5035cc4b
// 重构日志: 7385ff28
// 重构日志: f83083bb
